../../Middlewares/ST/touchgfx/framework/include/touchgfx/Screen.hpp:104:18:virtual void touchgfx::Screen::afterTransition()	0	static
../../Middlewares/ST/touchgfx/framework/include/touchgfx/Screen.hpp:144:18:virtual void touchgfx::Screen::handleTickEvent()	0	static
../../Middlewares/ST/touchgfx/framework/include/touchgfx/Screen.hpp:154:18:virtual void touchgfx::Screen::handleKeyEvent(uint8_t)	0	static
C:/TouchGFXProjects/PingPong/TouchGFX/gui/src/gameover_1_screen/GameOver_1View.cpp:20:6:virtual void GameOver_1View::tearDownScreen()	0	static
../../TouchGFX/gui/include/gui/gameover_1_screen/GameOver_1View.hpp:11:13:GameOver_1View::~GameOver_1View()	8	static
../../TouchGFX/gui/include/gui/gameover_1_screen/GameOver_1View.hpp:11:13:virtual GameOver_1View::~GameOver_1View()	8	static
C:/TouchGFXProjects/PingPong/TouchGFX/gui/src/gameover_1_screen/GameOver_1View.cpp:4:1:GameOver_1View::GameOver_1View()	8	static
C:/TouchGFXProjects/PingPong/TouchGFX/gui/src/gameover_1_screen/GameOver_1View.cpp:9:6:virtual void GameOver_1View::setupScreen()	16	static
