../../Middlewares/ST/touchgfx/framework/include/touchgfx/Screen.hpp:104:18:virtual void touchgfx::Screen::afterTransition()	0	static
../../Middlewares/ST/touchgfx/framework/include/touchgfx/Screen.hpp:144:18:virtual void touchgfx::Screen::handleTickEvent()	0	static
../../Middlewares/ST/touchgfx/framework/include/touchgfx/Screen.hpp:154:18:virtual void touchgfx::Screen::handleKeyEvent(uint8_t)	0	static
C:/TouchGFXProjects/PingPong/TouchGFX/gui/src/gameover_screen/GameOverView.cpp:25:6:virtual void GameOverView::tearDownScreen()	0	static
../../TouchGFX/gui/include/gui/gameover_screen/GameOverView.hpp:12:13:GameOverView::~GameOverView()	8	static
../../TouchGFX/gui/include/gui/gameover_screen/GameOverView.hpp:12:13:virtual GameOverView::~GameOverView()	8	static
C:/TouchGFXProjects/PingPong/TouchGFX/gui/src/gameover_screen/GameOverView.cpp:4:1:GameOverView::GameOverView()	8	static
C:/TouchGFXProjects/PingPong/TouchGFX/gui/src/gameover_screen/GameOverView.cpp:8:6:virtual void GameOverView::setupScreen()	24	static
