../../Middlewares/ST/touchgfx/framework/include/touchgfx/Screen.hpp:104:18:virtual void touchgfx::Screen::afterTransition()	0	static
../../Middlewares/ST/touchgfx/framework/include/touchgfx/Screen.hpp:154:18:virtual void touchgfx::Screen::handleKeyEvent(uint8_t)	0	static
C:/TouchGFXProjects/PingPong/TouchGFX/gui/src/screen2_1_screen/Screen2_1View.cpp:60:6:virtual void Screen2_1View::tearDownScreen()	0	static
C:/TouchGFXProjects/PingPong/TouchGFX/gui/src/screen2_1_screen/Screen2_1View.cpp:91:6:virtual void Screen2_1View::pause()	0	static
../../TouchGFX/gui/include/gui/screen2_1_screen/Screen2_1View.hpp:12:13:Screen2_1View::~Screen2_1View()	8	static
../../TouchGFX/gui/include/gui/screen2_1_screen/Screen2_1View.hpp:12:13:virtual Screen2_1View::~Screen2_1View()	8	static
../../Middlewares/ST/touchgfx/framework/include/touchgfx/Drawable.hpp:588:18:virtual void touchgfx::Drawable::moveTo(int16_t, int16_t)	4	static
C:/TouchGFXProjects/PingPong/TouchGFX/gui/src/screen2_1_screen/Screen2_1View.cpp:41:1:Screen2_1View::Screen2_1View()	8	static
C:/TouchGFXProjects/PingPong/TouchGFX/gui/src/screen2_1_screen/Screen2_1View.cpp:68:6:void Screen2_1View::resetBall()	8	static
C:/TouchGFXProjects/PingPong/TouchGFX/gui/src/screen2_1_screen/Screen2_1View.cpp:81:6:void Screen2_1View::updateScoreText()	16	static
C:/TouchGFXProjects/PingPong/TouchGFX/gui/src/screen2_1_screen/Screen2_1View.cpp:46:6:virtual void Screen2_1View::setupScreen()	16	static
C:/TouchGFXProjects/PingPong/TouchGFX/gui/src/screen2_1_screen/Screen2_1View.cpp:102:6:virtual void Screen2_1View::tickEvent()	24	static
