../../TouchGFX/gui/include/gui/screen1_1_screen/Screen1_1Presenter.hpp:28:13:Screen1_1Presenter::~Screen1_1Presenter()	0	static
C:/TouchGFXProjects/PingPong/TouchGFX/gui/src/screen1_1_screen/Screen1_1Presenter.cpp:10:6:virtual void Screen1_1Presenter::activate()	0	static
../../TouchGFX/gui/include/gui/screen1_1_screen/Screen1_1Presenter.hpp:28:13:virtual Screen1_1Presenter::~Screen1_1Presenter()	8	static
../../TouchGFX/gui/include/gui/screen1_1_screen/Screen1_1Presenter.hpp:28:13:virtual void* Screen1_1Presenter::_ZThn4_N18Screen1_1PresenterD1Ev()	0	static
C:/TouchGFXProjects/PingPong/TouchGFX/gui/src/screen1_1_screen/Screen1_1Presenter.cpp:4:1:Screen1_1Presenter::Screen1_1Presenter(Screen1_1View&)	0	static
C:/TouchGFXProjects/PingPong/TouchGFX/gui/src/screen1_1_screen/Screen1_1Presenter.cpp:20:6:void Screen1_1Presenter::setTargetScore(int)	0	static
